nohup: ignoring input
2026-06-24 14:43:08  INFO      Starting Drop File Cleaner on port 5413
2026-06-24 14:43:08  INFO      Watching directory: /var/www/jsonfiles
2026-06-24 14:43:08  INFO      Scheduler: running cleanup …
2026-06-24 14:43:08  INFO      Scheduler started — checking every 3600 second(s) for old drop files in: /var/www/jsonfiles
2026-06-24 14:43:08  INFO      Cleanup done — deleted 0 file(s), 0 skipped, 0 error(s)
 * Serving Flask app 'checkjsonfiles'
 * Debug mode: off
2026-06-24 14:43:08  INFO      [31m[1mWARNING: This is a development server. Do not use it in a production deployment. Use a production WSGI server instead.[0m
 * Running on all addresses (0.0.0.0)
 * Running on http://127.0.0.1:5413
 * Running on http://203.161.41.70:5413
2026-06-24 14:43:08  INFO      [33mPress CTRL+C to quit[0m
2026-06-24 15:43:08  INFO      Scheduler: running cleanup …
2026-06-24 15:43:08  INFO      Cleanup done — deleted 0 file(s), 0 skipped, 0 error(s)
2026-06-24 16:43:08  INFO      Scheduler: running cleanup …
2026-06-24 16:43:08  INFO      Cleanup done — deleted 0 file(s), 0 skipped, 0 error(s)
2026-06-24 17:43:08  INFO      Scheduler: running cleanup …
2026-06-24 17:43:08  INFO      Cleanup done — deleted 0 file(s), 0 skipped, 0 error(s)
2026-06-24 18:43:08  INFO      Scheduler: running cleanup …
2026-06-24 18:43:08  INFO      Cleanup done — deleted 0 file(s), 0 skipped, 0 error(s)
2026-06-24 19:43:08  INFO      Scheduler: running cleanup …
2026-06-24 19:43:08  INFO      Cleanup done — deleted 0 file(s), 0 skipped, 0 error(s)
2026-06-24 20:43:08  INFO      Scheduler: running cleanup …
2026-06-24 20:43:08  INFO      Cleanup done — deleted 0 file(s), 0 skipped, 0 error(s)
2026-06-24 21:43:08  INFO      Scheduler: running cleanup …
2026-06-24 21:43:08  INFO      Cleanup done — deleted 0 file(s), 0 skipped, 0 error(s)
2026-06-24 22:43:08  INFO      Scheduler: running cleanup …
2026-06-24 22:43:08  INFO      Cleanup done — deleted 0 file(s), 0 skipped, 0 error(s)
2026-06-24 23:43:08  INFO      Scheduler: running cleanup …
2026-06-24 23:43:08  INFO      Cleanup done — deleted 0 file(s), 0 skipped, 0 error(s)
2026-06-25 00:43:08  INFO      Scheduler: running cleanup …
2026-06-25 00:43:08  INFO      Deleted: ./drop_08_24_06_2026.json  (date=2026-06-24)
2026-06-25 00:43:08  INFO      Deleted: ./drop_09_24_06_2026.json  (date=2026-06-24)
2026-06-25 00:43:08  INFO      Deleted: ./drop_10_24_06_2026.json  (date=2026-06-24)
2026-06-25 00:43:08  INFO      Deleted: ./drop_11_24_06_2026.json  (date=2026-06-24)
2026-06-25 00:43:08  INFO      Deleted: ./drop_12_24_06_2026.json  (date=2026-06-24)
2026-06-25 00:43:08  INFO      Deleted: ./drop_13_24_06_2026.json  (date=2026-06-24)
2026-06-25 00:43:08  INFO      Deleted: ./drop_14_24_06_2026.json  (date=2026-06-24)
2026-06-25 00:43:08  INFO      Deleted: ./drop_15_24_06_2026.json  (date=2026-06-24)
2026-06-25 00:43:08  INFO      Deleted: ./drop_16_24_06_2026.json  (date=2026-06-24)
2026-06-25 00:43:08  INFO      Deleted: ./drop_17_24_06_2026.json  (date=2026-06-24)
2026-06-25 00:43:08  INFO      Deleted: ./drop_18_24_06_2026.json  (date=2026-06-24)
2026-06-25 00:43:08  INFO      Deleted: ./drop_19_24_06_2026.json  (date=2026-06-24)
2026-06-25 00:43:08  INFO      Deleted: ./drop_20_24_06_2026.json  (date=2026-06-24)
2026-06-25 00:43:08  INFO      Deleted: ./drop_21_24_06_2026.json  (date=2026-06-24)
2026-06-25 00:43:08  INFO      Deleted: ./drop_22_24_06_2026.json  (date=2026-06-24)
2026-06-25 00:43:08  INFO      Deleted: ./drop_23_24_06_2026.json  (date=2026-06-24)
2026-06-25 00:43:08  INFO      Cleanup done — deleted 16 file(s), 0 skipped, 0 error(s)
2026-06-25 01:43:08  INFO      Scheduler: running cleanup …
2026-06-25 01:43:08  INFO      Cleanup done — deleted 0 file(s), 0 skipped, 0 error(s)
2026-06-25 02:43:08  INFO      Scheduler: running cleanup …
2026-06-25 02:43:08  INFO      Cleanup done — deleted 0 file(s), 0 skipped, 0 error(s)
2026-06-25 03:43:08  INFO      Scheduler: running cleanup …
2026-06-25 03:43:08  INFO      Cleanup done — deleted 0 file(s), 0 skipped, 0 error(s)
2026-06-25 04:43:08  INFO      Scheduler: running cleanup …
2026-06-25 04:43:08  INFO      Cleanup done — deleted 0 file(s), 0 skipped, 0 error(s)
2026-06-25 05:43:08  INFO      Scheduler: running cleanup …
2026-06-25 05:43:08  INFO      Cleanup done — deleted 0 file(s), 0 skipped, 0 error(s)
2026-06-25 06:43:08  INFO      Scheduler: running cleanup …
2026-06-25 06:43:08  INFO      Cleanup done — deleted 0 file(s), 0 skipped, 0 error(s)
2026-06-25 07:43:08  INFO      Scheduler: running cleanup …
2026-06-25 07:43:08  INFO      Cleanup done — deleted 0 file(s), 0 skipped, 0 error(s)
2026-06-25 08:43:08  INFO      Scheduler: running cleanup …
2026-06-25 08:43:08  INFO      Cleanup done — deleted 0 file(s), 0 skipped, 0 error(s)
2026-06-25 09:43:08  INFO      Scheduler: running cleanup …
2026-06-25 09:43:08  INFO      Cleanup done — deleted 0 file(s), 0 skipped, 0 error(s)
2026-06-25 10:43:08  INFO      Scheduler: running cleanup …
2026-06-25 10:43:08  INFO      Cleanup done — deleted 0 file(s), 0 skipped, 0 error(s)
2026-06-25 11:43:08  INFO      Scheduler: running cleanup …
2026-06-25 11:43:08  INFO      Cleanup done — deleted 0 file(s), 0 skipped, 0 error(s)
2026-06-25 12:43:08  INFO      Scheduler: running cleanup …
2026-06-25 12:43:08  INFO      Cleanup done — deleted 0 file(s), 0 skipped, 0 error(s)
2026-06-25 13:43:08  INFO      Scheduler: running cleanup …
2026-06-25 13:43:08  INFO      Cleanup done — deleted 0 file(s), 0 skipped, 0 error(s)
2026-06-25 14:43:08  INFO      Scheduler: running cleanup …
2026-06-25 14:43:08  INFO      Cleanup done — deleted 0 file(s), 0 skipped, 0 error(s)
2026-06-25 15:43:08  INFO      Scheduler: running cleanup …
2026-06-25 15:43:08  INFO      Cleanup done — deleted 0 file(s), 0 skipped, 0 error(s)
2026-06-25 16:43:08  INFO      Scheduler: running cleanup …
2026-06-25 16:43:08  INFO      Cleanup done — deleted 0 file(s), 0 skipped, 0 error(s)
2026-06-25 17:43:08  INFO      Scheduler: running cleanup …
2026-06-25 17:43:08  INFO      Cleanup done — deleted 0 file(s), 0 skipped, 0 error(s)
2026-06-25 18:43:08  INFO      Scheduler: running cleanup …
2026-06-25 18:43:08  INFO      Cleanup done — deleted 0 file(s), 0 skipped, 0 error(s)
2026-06-25 19:43:08  INFO      Scheduler: running cleanup …
2026-06-25 19:43:08  INFO      Cleanup done — deleted 0 file(s), 0 skipped, 0 error(s)
2026-06-25 20:43:08  INFO      Scheduler: running cleanup …
2026-06-25 20:43:08  INFO      Cleanup done — deleted 0 file(s), 0 skipped, 0 error(s)
2026-06-25 21:43:08  INFO      Scheduler: running cleanup …
2026-06-25 21:43:08  INFO      Cleanup done — deleted 0 file(s), 0 skipped, 0 error(s)
2026-06-25 22:43:08  INFO      Scheduler: running cleanup …
2026-06-25 22:43:08  INFO      Cleanup done — deleted 0 file(s), 0 skipped, 0 error(s)
2026-06-25 23:43:08  INFO      Scheduler: running cleanup …
2026-06-25 23:43:08  INFO      Cleanup done — deleted 0 file(s), 0 skipped, 0 error(s)
2026-06-26 00:43:08  INFO      Scheduler: running cleanup …
2026-06-26 00:43:08  INFO      Deleted: ./drop_00_25_06_2026.json  (date=2026-06-25)
2026-06-26 00:43:08  INFO      Deleted: ./drop_01_25_06_2026.json  (date=2026-06-25)
2026-06-26 00:43:08  INFO      Deleted: ./drop_02_25_06_2026.json  (date=2026-06-25)
2026-06-26 00:43:08  INFO      Deleted: ./drop_03_25_06_2026.json  (date=2026-06-25)
2026-06-26 00:43:08  INFO      Deleted: ./drop_04_25_06_2026.json  (date=2026-06-25)
2026-06-26 00:43:08  INFO      Deleted: ./drop_05_25_06_2026.json  (date=2026-06-25)
2026-06-26 00:43:08  INFO      Deleted: ./drop_06_25_06_2026.json  (date=2026-06-25)
2026-06-26 00:43:08  INFO      Deleted: ./drop_07_25_06_2026.json  (date=2026-06-25)
2026-06-26 00:43:08  INFO      Deleted: ./drop_08_25_06_2026.json  (date=2026-06-25)
2026-06-26 00:43:08  INFO      Deleted: ./drop_09_25_06_2026.json  (date=2026-06-25)
2026-06-26 00:43:08  INFO      Deleted: ./drop_10_25_06_2026.json  (date=2026-06-25)
2026-06-26 00:43:08  INFO      Deleted: ./drop_11_25_06_2026.json  (date=2026-06-25)
2026-06-26 00:43:08  INFO      Deleted: ./drop_12_25_06_2026.json  (date=2026-06-25)
2026-06-26 00:43:08  INFO      Deleted: ./drop_13_25_06_2026.json  (date=2026-06-25)
2026-06-26 00:43:08  INFO      Deleted: ./drop_14_25_06_2026.json  (date=2026-06-25)
2026-06-26 00:43:08  INFO      Deleted: ./drop_15_25_06_2026.json  (date=2026-06-25)
2026-06-26 00:43:08  INFO      Deleted: ./drop_16_25_06_2026.json  (date=2026-06-25)
2026-06-26 00:43:08  INFO      Deleted: ./drop_17_25_06_2026.json  (date=2026-06-25)
2026-06-26 00:43:08  INFO      Deleted: ./drop_18_25_06_2026.json  (date=2026-06-25)
2026-06-26 00:43:08  INFO      Deleted: ./drop_19_25_06_2026.json  (date=2026-06-25)
2026-06-26 00:43:08  INFO      Deleted: ./drop_20_25_06_2026.json  (date=2026-06-25)
2026-06-26 00:43:08  INFO      Deleted: ./drop_21_25_06_2026.json  (date=2026-06-25)
2026-06-26 00:43:08  INFO      Deleted: ./drop_22_25_06_2026.json  (date=2026-06-25)
2026-06-26 00:43:08  INFO      Deleted: ./drop_23_25_06_2026.json  (date=2026-06-25)
2026-06-26 00:43:08  INFO      Cleanup done — deleted 24 file(s), 0 skipped, 0 error(s)
2026-06-26 01:43:08  INFO      Scheduler: running cleanup …
2026-06-26 01:43:08  INFO      Cleanup done — deleted 0 file(s), 0 skipped, 0 error(s)
2026-06-26 02:43:08  INFO      Scheduler: running cleanup …
2026-06-26 02:43:08  INFO      Cleanup done — deleted 0 file(s), 0 skipped, 0 error(s)
2026-06-26 03:43:08  INFO      Scheduler: running cleanup …
2026-06-26 03:43:08  INFO      Cleanup done — deleted 0 file(s), 0 skipped, 0 error(s)
2026-06-26 04:43:08  INFO      Scheduler: running cleanup …
2026-06-26 04:43:08  INFO      Cleanup done — deleted 0 file(s), 0 skipped, 0 error(s)
2026-06-26 05:43:08  INFO      Scheduler: running cleanup …
2026-06-26 05:43:08  INFO      Cleanup done — deleted 0 file(s), 0 skipped, 0 error(s)
2026-06-26 06:43:08  INFO      Scheduler: running cleanup …
2026-06-26 06:43:08  INFO      Cleanup done — deleted 0 file(s), 0 skipped, 0 error(s)
2026-06-26 07:43:08  INFO      Scheduler: running cleanup …
2026-06-26 07:43:08  INFO      Cleanup done — deleted 0 file(s), 0 skipped, 0 error(s)
2026-06-26 08:43:08  INFO      Scheduler: running cleanup …
2026-06-26 08:43:08  INFO      Cleanup done — deleted 0 file(s), 0 skipped, 0 error(s)
2026-06-26 09:43:08  INFO      Scheduler: running cleanup …
2026-06-26 09:43:08  INFO      Cleanup done — deleted 0 file(s), 0 skipped, 0 error(s)
2026-06-26 10:43:08  INFO      Scheduler: running cleanup …
2026-06-26 10:43:08  INFO      Cleanup done — deleted 0 file(s), 0 skipped, 0 error(s)
2026-06-26 11:43:08  INFO      Scheduler: running cleanup …
2026-06-26 11:43:08  INFO      Cleanup done — deleted 0 file(s), 0 skipped, 0 error(s)
2026-06-26 12:43:08  INFO      Scheduler: running cleanup …
2026-06-26 12:43:08  INFO      Cleanup done — deleted 0 file(s), 0 skipped, 0 error(s)
2026-06-26 13:43:08  INFO      Scheduler: running cleanup …
2026-06-26 13:43:08  INFO      Cleanup done — deleted 0 file(s), 0 skipped, 0 error(s)
2026-06-26 14:43:08  INFO      Scheduler: running cleanup …
2026-06-26 14:43:08  INFO      Cleanup done — deleted 0 file(s), 0 skipped, 0 error(s)
2026-06-26 15:43:09  INFO      Scheduler: running cleanup …
2026-06-26 15:43:09  INFO      Cleanup done — deleted 0 file(s), 0 skipped, 0 error(s)
2026-06-26 16:43:09  INFO      Scheduler: running cleanup …
2026-06-26 16:43:09  INFO      Cleanup done — deleted 0 file(s), 0 skipped, 0 error(s)
2026-06-26 17:43:09  INFO      Scheduler: running cleanup …
2026-06-26 17:43:09  INFO      Cleanup done — deleted 0 file(s), 0 skipped, 0 error(s)
2026-06-26 18:43:09  INFO      Scheduler: running cleanup …
2026-06-26 18:43:09  INFO      Cleanup done — deleted 0 file(s), 0 skipped, 0 error(s)
2026-06-26 19:43:09  INFO      Scheduler: running cleanup …
2026-06-26 19:43:09  INFO      Cleanup done — deleted 0 file(s), 0 skipped, 0 error(s)
2026-06-26 20:43:09  INFO      Scheduler: running cleanup …
2026-06-26 20:43:09  INFO      Cleanup done — deleted 0 file(s), 0 skipped, 0 error(s)
2026-06-26 21:43:09  INFO      Scheduler: running cleanup …
2026-06-26 21:43:09  INFO      Cleanup done — deleted 0 file(s), 0 skipped, 0 error(s)
2026-06-26 22:43:09  INFO      Scheduler: running cleanup …
2026-06-26 22:43:09  INFO      Cleanup done — deleted 0 file(s), 0 skipped, 0 error(s)
2026-06-26 23:43:09  INFO      Scheduler: running cleanup …
2026-06-26 23:43:09  INFO      Cleanup done — deleted 0 file(s), 0 skipped, 0 error(s)
2026-06-27 00:43:09  INFO      Scheduler: running cleanup …
2026-06-27 00:43:09  INFO      Deleted: ./drop_00_26_06_2026.json  (date=2026-06-26)
2026-06-27 00:43:09  INFO      Deleted: ./drop_01_26_06_2026.json  (date=2026-06-26)
2026-06-27 00:43:09  INFO      Deleted: ./drop_02_26_06_2026.json  (date=2026-06-26)
2026-06-27 00:43:09  INFO      Deleted: ./drop_03_26_06_2026.json  (date=2026-06-26)
2026-06-27 00:43:09  INFO      Deleted: ./drop_04_26_06_2026.json  (date=2026-06-26)
2026-06-27 00:43:09  INFO      Deleted: ./drop_05_26_06_2026.json  (date=2026-06-26)
2026-06-27 00:43:09  INFO      Deleted: ./drop_06_26_06_2026.json  (date=2026-06-26)
2026-06-27 00:43:09  INFO      Deleted: ./drop_07_26_06_2026.json  (date=2026-06-26)
2026-06-27 00:43:09  INFO      Deleted: ./drop_08_26_06_2026.json  (date=2026-06-26)
2026-06-27 00:43:09  INFO      Deleted: ./drop_09_26_06_2026.json  (date=2026-06-26)
2026-06-27 00:43:09  INFO      Deleted: ./drop_10_26_06_2026.json  (date=2026-06-26)
2026-06-27 00:43:09  INFO      Deleted: ./drop_11_26_06_2026.json  (date=2026-06-26)
2026-06-27 00:43:09  INFO      Deleted: ./drop_12_26_06_2026.json  (date=2026-06-26)
2026-06-27 00:43:09  INFO      Deleted: ./drop_13_26_06_2026.json  (date=2026-06-26)
2026-06-27 00:43:09  INFO      Deleted: ./drop_14_26_06_2026.json  (date=2026-06-26)
2026-06-27 00:43:09  INFO      Deleted: ./drop_15_26_06_2026.json  (date=2026-06-26)
2026-06-27 00:43:09  INFO      Deleted: ./drop_16_26_06_2026.json  (date=2026-06-26)
2026-06-27 00:43:09  INFO      Deleted: ./drop_17_26_06_2026.json  (date=2026-06-26)
2026-06-27 00:43:09  INFO      Deleted: ./drop_18_26_06_2026.json  (date=2026-06-26)
2026-06-27 00:43:09  INFO      Deleted: ./drop_19_26_06_2026.json  (date=2026-06-26)
2026-06-27 00:43:09  INFO      Deleted: ./drop_20_26_06_2026.json  (date=2026-06-26)
2026-06-27 00:43:09  INFO      Deleted: ./drop_21_26_06_2026.json  (date=2026-06-26)
2026-06-27 00:43:09  INFO      Deleted: ./drop_22_26_06_2026.json  (date=2026-06-26)
2026-06-27 00:43:09  INFO      Deleted: ./drop_23_26_06_2026.json  (date=2026-06-26)
2026-06-27 00:43:09  INFO      Cleanup done — deleted 24 file(s), 0 skipped, 0 error(s)
2026-06-27 01:43:09  INFO      Scheduler: running cleanup …
2026-06-27 01:43:09  INFO      Cleanup done — deleted 0 file(s), 0 skipped, 0 error(s)
2026-06-27 02:43:09  INFO      Scheduler: running cleanup …
2026-06-27 02:43:09  INFO      Cleanup done — deleted 0 file(s), 0 skipped, 0 error(s)
2026-06-27 03:43:09  INFO      Scheduler: running cleanup …
2026-06-27 03:43:09  INFO      Cleanup done — deleted 0 file(s), 0 skipped, 0 error(s)
2026-06-27 04:43:09  INFO      Scheduler: running cleanup …
2026-06-27 04:43:09  INFO      Cleanup done — deleted 0 file(s), 0 skipped, 0 error(s)
2026-06-27 05:43:09  INFO      Scheduler: running cleanup …
2026-06-27 05:43:09  INFO      Cleanup done — deleted 0 file(s), 0 skipped, 0 error(s)
2026-06-27 06:43:09  INFO      Scheduler: running cleanup …
2026-06-27 06:43:09  INFO      Cleanup done — deleted 0 file(s), 0 skipped, 0 error(s)
2026-06-27 07:43:09  INFO      Scheduler: running cleanup …
2026-06-27 07:43:09  INFO      Cleanup done — deleted 0 file(s), 0 skipped, 0 error(s)
2026-06-27 08:43:09  INFO      Scheduler: running cleanup …
2026-06-27 08:43:09  INFO      Cleanup done — deleted 0 file(s), 0 skipped, 0 error(s)
2026-06-27 09:43:09  INFO      Scheduler: running cleanup …
2026-06-27 09:43:09  INFO      Cleanup done — deleted 0 file(s), 0 skipped, 0 error(s)
2026-06-27 10:43:09  INFO      Scheduler: running cleanup …
2026-06-27 10:43:09  INFO      Cleanup done — deleted 0 file(s), 0 skipped, 0 error(s)
2026-06-27 11:43:09  INFO      Scheduler: running cleanup …
2026-06-27 11:43:09  INFO      Cleanup done — deleted 0 file(s), 0 skipped, 0 error(s)
2026-06-27 12:43:09  INFO      Scheduler: running cleanup …
2026-06-27 12:43:09  INFO      Cleanup done — deleted 0 file(s), 0 skipped, 0 error(s)
2026-06-27 13:43:09  INFO      Scheduler: running cleanup …
2026-06-27 13:43:09  INFO      Cleanup done — deleted 0 file(s), 0 skipped, 0 error(s)
2026-06-27 14:43:09  INFO      Scheduler: running cleanup …
2026-06-27 14:43:09  INFO      Cleanup done — deleted 0 file(s), 0 skipped, 0 error(s)
2026-06-27 15:43:09  INFO      Scheduler: running cleanup …
2026-06-27 15:43:09  INFO      Cleanup done — deleted 0 file(s), 0 skipped, 0 error(s)
2026-06-27 16:43:09  INFO      Scheduler: running cleanup …
2026-06-27 16:43:09  INFO      Cleanup done — deleted 0 file(s), 0 skipped, 0 error(s)
2026-06-27 17:43:09  INFO      Scheduler: running cleanup …
2026-06-27 17:43:09  INFO      Cleanup done — deleted 0 file(s), 0 skipped, 0 error(s)
2026-06-27 18:43:09  INFO      Scheduler: running cleanup …
2026-06-27 18:43:09  INFO      Cleanup done — deleted 0 file(s), 0 skipped, 0 error(s)
2026-06-27 19:43:09  INFO      Scheduler: running cleanup …
2026-06-27 19:43:09  INFO      Cleanup done — deleted 0 file(s), 0 skipped, 0 error(s)
2026-06-27 20:43:09  INFO      Scheduler: running cleanup …
2026-06-27 20:43:09  INFO      Cleanup done — deleted 0 file(s), 0 skipped, 0 error(s)
2026-06-27 21:43:09  INFO      Scheduler: running cleanup …
2026-06-27 21:43:09  INFO      Cleanup done — deleted 0 file(s), 0 skipped, 0 error(s)
2026-06-27 22:43:09  INFO      Scheduler: running cleanup …
2026-06-27 22:43:09  INFO      Cleanup done — deleted 0 file(s), 0 skipped, 0 error(s)
2026-06-27 23:43:09  INFO      Scheduler: running cleanup …
2026-06-27 23:43:09  INFO      Cleanup done — deleted 0 file(s), 0 skipped, 0 error(s)
2026-06-28 00:43:09  INFO      Scheduler: running cleanup …
2026-06-28 00:43:09  INFO      Deleted: ./drop_00_27_06_2026.json  (date=2026-06-27)
2026-06-28 00:43:09  INFO      Deleted: ./drop_01_27_06_2026.json  (date=2026-06-27)
2026-06-28 00:43:09  INFO      Deleted: ./drop_02_27_06_2026.json  (date=2026-06-27)
2026-06-28 00:43:09  INFO      Deleted: ./drop_03_27_06_2026.json  (date=2026-06-27)
2026-06-28 00:43:09  INFO      Deleted: ./drop_04_27_06_2026.json  (date=2026-06-27)
2026-06-28 00:43:09  INFO      Deleted: ./drop_05_27_06_2026.json  (date=2026-06-27)
2026-06-28 00:43:09  INFO      Deleted: ./drop_06_27_06_2026.json  (date=2026-06-27)
2026-06-28 00:43:09  INFO      Deleted: ./drop_07_27_06_2026.json  (date=2026-06-27)
2026-06-28 00:43:09  INFO      Deleted: ./drop_08_27_06_2026.json  (date=2026-06-27)
2026-06-28 00:43:09  INFO      Deleted: ./drop_09_27_06_2026.json  (date=2026-06-27)
2026-06-28 00:43:09  INFO      Deleted: ./drop_10_27_06_2026.json  (date=2026-06-27)
2026-06-28 00:43:09  INFO      Deleted: ./drop_11_27_06_2026.json  (date=2026-06-27)
2026-06-28 00:43:09  INFO      Deleted: ./drop_12_27_06_2026.json  (date=2026-06-27)
2026-06-28 00:43:09  INFO      Deleted: ./drop_13_27_06_2026.json  (date=2026-06-27)
2026-06-28 00:43:09  INFO      Deleted: ./drop_14_27_06_2026.json  (date=2026-06-27)
2026-06-28 00:43:09  INFO      Deleted: ./drop_15_27_06_2026.json  (date=2026-06-27)
2026-06-28 00:43:09  INFO      Deleted: ./drop_16_27_06_2026.json  (date=2026-06-27)
2026-06-28 00:43:09  INFO      Deleted: ./drop_17_27_06_2026.json  (date=2026-06-27)
2026-06-28 00:43:09  INFO      Deleted: ./drop_18_27_06_2026.json  (date=2026-06-27)
2026-06-28 00:43:09  INFO      Deleted: ./drop_19_27_06_2026.json  (date=2026-06-27)
2026-06-28 00:43:09  INFO      Deleted: ./drop_20_27_06_2026.json  (date=2026-06-27)
2026-06-28 00:43:09  INFO      Deleted: ./drop_21_27_06_2026.json  (date=2026-06-27)
2026-06-28 00:43:09  INFO      Deleted: ./drop_22_27_06_2026.json  (date=2026-06-27)
2026-06-28 00:43:09  INFO      Deleted: ./drop_23_27_06_2026.json  (date=2026-06-27)
2026-06-28 00:43:09  INFO      Cleanup done — deleted 24 file(s), 0 skipped, 0 error(s)
2026-06-28 01:43:09  INFO      Scheduler: running cleanup …
2026-06-28 01:43:09  INFO      Cleanup done — deleted 0 file(s), 0 skipped, 0 error(s)
2026-06-28 02:43:09  INFO      Scheduler: running cleanup …
2026-06-28 02:43:09  INFO      Cleanup done — deleted 0 file(s), 0 skipped, 0 error(s)
2026-06-28 03:43:09  INFO      Scheduler: running cleanup …
2026-06-28 03:43:09  INFO      Cleanup done — deleted 0 file(s), 0 skipped, 0 error(s)
2026-06-28 04:43:09  INFO      Scheduler: running cleanup …
2026-06-28 04:43:09  INFO      Cleanup done — deleted 0 file(s), 0 skipped, 0 error(s)
2026-06-28 05:43:09  INFO      Scheduler: running cleanup …
2026-06-28 05:43:09  INFO      Cleanup done — deleted 0 file(s), 0 skipped, 0 error(s)
2026-06-28 06:43:09  INFO      Scheduler: running cleanup …
2026-06-28 06:43:09  INFO      Cleanup done — deleted 0 file(s), 0 skipped, 0 error(s)
2026-06-28 07:43:09  INFO      Scheduler: running cleanup …
2026-06-28 07:43:09  INFO      Cleanup done — deleted 0 file(s), 0 skipped, 0 error(s)
2026-06-28 08:43:09  INFO      Scheduler: running cleanup …
2026-06-28 08:43:09  INFO      Cleanup done — deleted 0 file(s), 0 skipped, 0 error(s)
2026-06-28 09:43:09  INFO      Scheduler: running cleanup …
2026-06-28 09:43:09  INFO      Cleanup done — deleted 0 file(s), 0 skipped, 0 error(s)
2026-06-28 10:43:09  INFO      Scheduler: running cleanup …
2026-06-28 10:43:09  INFO      Cleanup done — deleted 0 file(s), 0 skipped, 0 error(s)
2026-06-28 11:43:09  INFO      Scheduler: running cleanup …
2026-06-28 11:43:09  INFO      Cleanup done — deleted 0 file(s), 0 skipped, 0 error(s)
2026-06-28 12:43:09  INFO      Scheduler: running cleanup …
2026-06-28 12:43:09  INFO      Cleanup done — deleted 0 file(s), 0 skipped, 0 error(s)
2026-06-28 13:43:09  INFO      Scheduler: running cleanup …
2026-06-28 13:43:09  INFO      Cleanup done — deleted 0 file(s), 0 skipped, 0 error(s)
2026-06-28 14:43:09  INFO      Scheduler: running cleanup …
2026-06-28 14:43:09  INFO      Cleanup done — deleted 0 file(s), 0 skipped, 0 error(s)
2026-06-28 15:43:09  INFO      Scheduler: running cleanup …
2026-06-28 15:43:09  INFO      Cleanup done — deleted 0 file(s), 0 skipped, 0 error(s)
2026-06-28 16:43:09  INFO      Scheduler: running cleanup …
2026-06-28 16:43:09  INFO      Cleanup done — deleted 0 file(s), 0 skipped, 0 error(s)
2026-06-28 17:43:09  INFO      Scheduler: running cleanup …
2026-06-28 17:43:09  INFO      Cleanup done — deleted 0 file(s), 0 skipped, 0 error(s)
2026-06-28 18:43:09  INFO      Scheduler: running cleanup …
2026-06-28 18:43:09  INFO      Cleanup done — deleted 0 file(s), 0 skipped, 0 error(s)
2026-06-28 19:43:09  INFO      Scheduler: running cleanup …
2026-06-28 19:43:09  INFO      Cleanup done — deleted 0 file(s), 0 skipped, 0 error(s)
2026-06-28 20:43:09  INFO      Scheduler: running cleanup …
2026-06-28 20:43:09  INFO      Cleanup done — deleted 0 file(s), 0 skipped, 0 error(s)
2026-06-28 21:43:09  INFO      Scheduler: running cleanup …
2026-06-28 21:43:09  INFO      Cleanup done — deleted 0 file(s), 0 skipped, 0 error(s)
2026-06-28 22:43:09  INFO      Scheduler: running cleanup …
2026-06-28 22:43:09  INFO      Cleanup done — deleted 0 file(s), 0 skipped, 0 error(s)
2026-06-28 23:43:09  INFO      Scheduler: running cleanup …
2026-06-28 23:43:09  INFO      Cleanup done — deleted 0 file(s), 0 skipped, 0 error(s)
2026-06-29 00:43:09  INFO      Scheduler: running cleanup …
2026-06-29 00:43:09  INFO      Deleted: ./drop_00_28_06_2026.json  (date=2026-06-28)
2026-06-29 00:43:09  INFO      Deleted: ./drop_01_28_06_2026.json  (date=2026-06-28)
2026-06-29 00:43:09  INFO      Deleted: ./drop_02_28_06_2026.json  (date=2026-06-28)
2026-06-29 00:43:09  INFO      Deleted: ./drop_03_28_06_2026.json  (date=2026-06-28)
2026-06-29 00:43:09  INFO      Deleted: ./drop_04_28_06_2026.json  (date=2026-06-28)
2026-06-29 00:43:09  INFO      Deleted: ./drop_05_28_06_2026.json  (date=2026-06-28)
2026-06-29 00:43:09  INFO      Deleted: ./drop_06_28_06_2026.json  (date=2026-06-28)
2026-06-29 00:43:09  INFO      Deleted: ./drop_07_28_06_2026.json  (date=2026-06-28)
2026-06-29 00:43:09  INFO      Deleted: ./drop_08_28_06_2026.json  (date=2026-06-28)
2026-06-29 00:43:09  INFO      Deleted: ./drop_09_28_06_2026.json  (date=2026-06-28)
2026-06-29 00:43:09  INFO      Deleted: ./drop_10_28_06_2026.json  (date=2026-06-28)
2026-06-29 00:43:09  INFO      Deleted: ./drop_11_28_06_2026.json  (date=2026-06-28)
2026-06-29 00:43:09  INFO      Deleted: ./drop_12_28_06_2026.json  (date=2026-06-28)
2026-06-29 00:43:09  INFO      Deleted: ./drop_13_28_06_2026.json  (date=2026-06-28)
2026-06-29 00:43:09  INFO      Deleted: ./drop_14_28_06_2026.json  (date=2026-06-28)
2026-06-29 00:43:09  INFO      Deleted: ./drop_15_28_06_2026.json  (date=2026-06-28)
2026-06-29 00:43:09  INFO      Deleted: ./drop_16_28_06_2026.json  (date=2026-06-28)
2026-06-29 00:43:09  INFO      Deleted: ./drop_17_28_06_2026.json  (date=2026-06-28)
2026-06-29 00:43:09  INFO      Deleted: ./drop_18_28_06_2026.json  (date=2026-06-28)
2026-06-29 00:43:09  INFO      Deleted: ./drop_19_28_06_2026.json  (date=2026-06-28)
2026-06-29 00:43:09  INFO      Deleted: ./drop_20_28_06_2026.json  (date=2026-06-28)
2026-06-29 00:43:09  INFO      Deleted: ./drop_21_28_06_2026.json  (date=2026-06-28)
2026-06-29 00:43:09  INFO      Deleted: ./drop_22_28_06_2026.json  (date=2026-06-28)
2026-06-29 00:43:09  INFO      Deleted: ./drop_23_28_06_2026.json  (date=2026-06-28)
2026-06-29 00:43:09  INFO      Cleanup done — deleted 24 file(s), 0 skipped, 0 error(s)
2026-06-29 01:43:09  INFO      Scheduler: running cleanup …
2026-06-29 01:43:09  INFO      Cleanup done — deleted 0 file(s), 0 skipped, 0 error(s)
2026-06-29 02:43:09  INFO      Scheduler: running cleanup …
2026-06-29 02:43:09  INFO      Cleanup done — deleted 0 file(s), 0 skipped, 0 error(s)
2026-06-29 03:43:09  INFO      Scheduler: running cleanup …
2026-06-29 03:43:09  INFO      Cleanup done — deleted 0 file(s), 0 skipped, 0 error(s)
2026-06-29 04:43:09  INFO      Scheduler: running cleanup …
2026-06-29 04:43:09  INFO      Cleanup done — deleted 0 file(s), 0 skipped, 0 error(s)
2026-06-29 05:43:09  INFO      Scheduler: running cleanup …
2026-06-29 05:43:09  INFO      Cleanup done — deleted 0 file(s), 0 skipped, 0 error(s)
2026-06-29 06:43:09  INFO      Scheduler: running cleanup …
2026-06-29 06:43:09  INFO      Cleanup done — deleted 0 file(s), 0 skipped, 0 error(s)
